// Jest Snapshot v1, https://goo.gl/fbAQLP

exports[`renders the badge with color 1`] = `
Object {
  "asFragment": [Function],
  "baseElement": <body>
    <div>
      <span
        aria-disabled="false"
        class="MuiButtonBase-root MuiIconButton-root PrivateSwitchBase-root-1 MuiCheckbox-root MuiCheckbox-colorSecondary sc-gsTEea MuiIconButton-colorSecondary"
      >
        <span
          class="MuiIconButton-label"
        >
          <input
            class="PrivateSwitchBase-input-4"
            data-indeterminate="false"
            type="checkbox"
            value=""
          />
          <svg
            class="sc-bdfBQB kleLNI"
            color="secondary"
            fill="#21222F"
            height="16"
            viewBox="0 0 16 16"
            width="16"
            xmlns="http://www.w3.org/2000/svg"
          >
            <rect
              fill="white"
              height="13.3333"
              width="13.3333"
              x="1.33398"
              y="1.33398"
            />
            <path
              clip-rule="evenodd"
              d="M2.66602 0.666016C1.56145 0.666016 0.666016 1.56145 0.666016 2.66602V13.3327C0.666016 14.4373 1.56145 15.3327 2.66602 15.3327H13.3327C14.4373 15.3327 15.3327 14.4372 15.3327 13.3327V2.66602C15.3327 1.56145 14.4372 0.666016 13.3327 0.666016H2.66602ZM2.99935 1.99935C2.44706 1.99935 1.99935 2.44706 1.99935 2.99935V12.9993C1.99935 13.5516 2.44706 13.9993 2.99935 13.9993H12.9993C13.5516 13.9993 13.9993 13.5516 13.9993 12.9993V2.99935C13.9993 2.44706 13.5516 1.99935 12.9993 1.99935H2.99935Z"
              fill-rule="evenodd"
            />
          </svg>
        </span>
        <span
          class="MuiTouchRipple-root"
        />
      </span>
    </div>
  </body>,
  "container": <div>
    <span
      aria-disabled="false"
      class="MuiButtonBase-root MuiIconButton-root PrivateSwitchBase-root-1 MuiCheckbox-root MuiCheckbox-colorSecondary sc-gsTEea MuiIconButton-colorSecondary"
    >
      <span
        class="MuiIconButton-label"
      >
        <input
          class="PrivateSwitchBase-input-4"
          data-indeterminate="false"
          type="checkbox"
          value=""
        />
        <svg
          class="sc-bdfBQB kleLNI"
          color="secondary"
          fill="#21222F"
          height="16"
          viewBox="0 0 16 16"
          width="16"
          xmlns="http://www.w3.org/2000/svg"
        >
          <rect
            fill="white"
            height="13.3333"
            width="13.3333"
            x="1.33398"
            y="1.33398"
          />
          <path
            clip-rule="evenodd"
            d="M2.66602 0.666016C1.56145 0.666016 0.666016 1.56145 0.666016 2.66602V13.3327C0.666016 14.4373 1.56145 15.3327 2.66602 15.3327H13.3327C14.4373 15.3327 15.3327 14.4372 15.3327 13.3327V2.66602C15.3327 1.56145 14.4372 0.666016 13.3327 0.666016H2.66602ZM2.99935 1.99935C2.44706 1.99935 1.99935 2.44706 1.99935 2.99935V12.9993C1.99935 13.5516 2.44706 13.9993 2.99935 13.9993H12.9993C13.5516 13.9993 13.9993 13.5516 13.9993 12.9993V2.99935C13.9993 2.44706 13.5516 1.99935 12.9993 1.99935H2.99935Z"
            fill-rule="evenodd"
          />
        </svg>
      </span>
      <span
        class="MuiTouchRipple-root"
      />
    </span>
  </div>,
  "debug": [Function],
  "findAllByAltText": [Function],
  "findAllByDisplayValue": [Function],
  "findAllByLabelText": [Function],
  "findAllByPlaceholderText": [Function],
  "findAllByRole": [Function],
  "findAllByTestId": [Function],
  "findAllByText": [Function],
  "findAllByTitle": [Function],
  "findByAltText": [Function],
  "findByDisplayValue": [Function],
  "findByLabelText": [Function],
  "findByPlaceholderText": [Function],
  "findByRole": [Function],
  "findByTestId": [Function],
  "findByText": [Function],
  "findByTitle": [Function],
  "getAllByAltText": [Function],
  "getAllByDisplayValue": [Function],
  "getAllByLabelText": [Function],
  "getAllByPlaceholderText": [Function],
  "getAllByRole": [Function],
  "getAllByTestId": [Function],
  "getAllByText": [Function],
  "getAllByTitle": [Function],
  "getByAltText": [Function],
  "getByDisplayValue": [Function],
  "getByLabelText": [Function],
  "getByPlaceholderText": [Function],
  "getByRole": [Function],
  "getByTestId": [Function],
  "getByText": [Function],
  "getByTitle": [Function],
  "queryAllByAltText": [Function],
  "queryAllByDisplayValue": [Function],
  "queryAllByLabelText": [Function],
  "queryAllByPlaceholderText": [Function],
  "queryAllByRole": [Function],
  "queryAllByTestId": [Function],
  "queryAllByText": [Function],
  "queryAllByTitle": [Function],
  "queryByAltText": [Function],
  "queryByDisplayValue": [Function],
  "queryByLabelText": [Function],
  "queryByPlaceholderText": [Function],
  "queryByRole": [Function],
  "queryByTestId": [Function],
  "queryByText": [Function],
  "queryByTitle": [Function],
  "rerender": [Function],
  "unmount": [Function],
}
`;
